1..13
ok 1 version command should succeed and show app name
ok 2 version command should show version information
not ok 3 help command should succeed
# (in test file tests/uat/automated/bats/basic-functionality.bats, line 61)
#   `[ "$status" -eq 0 ]' failed
not ok 4 help command should show start command
# (in test file tests/uat/automated/bats/basic-functionality.bats, line 66)
#   `[ "$status" -eq 0 ]' failed
not ok 5 help command should show break command
# (in test file tests/uat/automated/bats/basic-functionality.bats, line 76)
#   `[ "$status" -eq 0 ]' failed
not ok 6 help command should show long-break command
# (in test file tests/uat/automated/bats/basic-functionality.bats, line 82)
#   `[ "$status" -eq 0 ]' failed
not ok 7 help command should show config command
# (in test file tests/uat/automated/bats/basic-functionality.bats, line 88)
#   `[ "$status" -eq 0 ]' failed
not ok 8 help command should show history command
# (in test file tests/uat/automated/bats/basic-functionality.bats, line 94)
#   `[ "$status" -eq 0 ]' failed
not ok 9 help command should show completion command
# (in test file tests/uat/automated/bats/basic-functionality.bats, line 100)
#   `[ "$status" -eq 0 ]' failed
ok 10 completion bash command should succeed
ok 11 completion bash should contain complete command
ok 12 completion zsh command should succeed
ok 13 completion zsh should contain compdef command
